// Jest Snapshot v1, https://goo.gl/fbAQLP

exports[`App Test renders App 1`] = `
<Fragment>
  <Sidebar>
    <a
      href="#"
    >
      HOME
    </a>
    <a
      href="#"
    >
      FOOD
    </a>
    <a
      href="#"
    >
      ABOUT
    </a>
    <a
      href="#"
    >
      CONTACT
    </a>
  </Sidebar>
  <p>
    Sup
  </p>
</Fragment>
`;
