// Jest Snapshot v1, https://goo.gl/fbAQLP

exports[`App Test renders App 1`] = `
<section>
  <Header />
  <div>
    <PhotoAlbum
      photos={
        Array [
          "/path/image",
          "/path/image",
          "/path/image",
        ]
      }
      title="My Album"
    />
  </div>
  <Footer />
</section>
`;
