// Jest Snapshot v1, https://goo.gl/fbAQLP

exports[`App Test renders App 1`] = `
<Colors
  colors={
    Array [
      Object {
        "name": "red",
        "rgb": Object {
          "blue": 0,
          "green": 0,
          "red": 255,
        },
      },
      Object {
        "name": "green",
        "rgb": Object {
          "blue": 0,
          "green": 255,
          "red": 0,
        },
      },
      Object {
        "name": "blue",
        "rgb": Object {
          "blue": 255,
          "green": 0,
          "red": 0,
        },
      },
    ]
  }
/>
`;
